_CLOCK_MONOTONIC
_CLOCK_REALTIME
_Exit
_IO_feof_unlocked
_IO_ferror_unlocked
_IO_getc
_IO_getc_unlocked
_IO_putc
_IO_putc_unlocked
_ZSt15get_new_handlerv
_ZdaPv
_ZdaPvSt11align_val_t
_ZdaPvm
_ZdaPvmSt11align_val_t
_ZdlPv
_ZdlPvSt11align_val_t
_ZdlPvm
_ZdlPvmSt11align_val_t
_Znaj
_ZnajRKSt9nothrow_t
_ZnajSt11align_val_t
_ZnajSt11align_val_tRKSt9nothrow_t
_Znwj
_ZnwjRKSt9nothrow_t
_ZnwjSt11align_val_t
_ZnwjSt11align_val_tRKSt9nothrow_t
__EINVAL
__ENOMEM
__SIG_ERR
__SIG_IGN
__asctime_r
__assert_fail
__c_dot_utf8
__c_dot_utf8_locale
__c_locale
__clock
__clock_gettime
__clock_nanosleep
__cos
__cosdf
__cosl
__crypt_blowfish
__crypt_des
__crypt_md5
__crypt_r
__crypt_sha256
__crypt_sha512
__ctype_b_loc
__ctype_get_mb_cur_max
__ctype_tolower_loc
__ctype_toupper_loc
__cxa_atexit
__cxa_finalize
__des_setkey
__do_des
__duplocale
__env_rm_add
__errno_location
__exp2f_data
__exp_data
__expo2
__expo2f
__fbufsize
__fclose_ca
__fdopen
__fesetround
__fgetwc_unlocked
__flbf
__floatscan
__fmodeflags
__fopen_rb_ca
__fpending
__fpurge
__fputwc_unlocked
__freadable
__freadahead
__freading
__freadptr
__freadptrinc
__freelocale
__fseeko
__fseeko_unlocked
__fseterr
__fsetlocking
__fsmu8
__ftello
__ftello_unlocked
__funcs_on_exit
__funcs_on_quick_exit
__futimesat
__fwritable
__fwritex
__fwriting
__get_locale
__getdelim
__getentropy
__getopt_msg
__gmtime_r
__hwcap
__inet_aton
__init_ssp
__intscan
__invtrigl_R
__isalnum_l
__isalpha_l
__isatty
__isblank_l
__iscntrl_l
__isdigit_l
__isgraph_l
__islower_l
__isoc99_fscanf
__isoc99_fwscanf
__isoc99_scanf
__isoc99_sscanf
__isoc99_swscanf
__isoc99_vfscanf
__isoc99_vfwscanf
__isoc99_vscanf
__isoc99_vsscanf
__isoc99_vswscanf
__isoc99_vwscanf
__isoc99_wscanf
__isprint_l
__ispunct_l
__isspace_l
__isupper_l
__iswalnum_l
__iswalpha_l
__iswblank_l
__iswcntrl_l
__iswctype_l
__iswdigit_l
__iswgraph_l
__iswlower_l
__iswprint_l
__iswpunct_l
__iswspace_l
__iswupper_l
__iswxdigit_l
__isxdigit_l
__lctrans
__lctrans_cur
__lctrans_impl
__ldexp_cexp
__ldexp_cexpf
__lgamma_r
__lgammaf_r
__lgammal_r
__libc
__libc_calloc
__libc_free
__libc_malloc
__libc_memalign
__libc_realloc
__loc_is_allocated
__localtime_r
__log2_data
__log2f_data
__log_data
__logf_data
__lseek
__main_void
__math_divzero
__math_divzerof
__math_invalid
__math_invalidf
__math_invalidl
__math_oflow
__math_oflowf
__math_uflow
__math_uflowf
__math_xflow
__math_xflowf
__memrchr
__mo_lookup
__month_to_secs
__newlocale
__nl_langinfo
__nl_langinfo_l
__ofl_add
__ofl_lock
__ofl_unlock
__optpos
__optreset
__overflow
__p1evll
__pio2_hi
__pio2_lo
__pleval
__polevll
__posix_getopt
__pow_log_data
__powf_log2_data
__progname
__progname_full
__putenv
__qsort_r
__rand48_step
__reallocarray
__rem_pio2
__rem_pio2_large
__rem_pio2f
__rem_pio2l
__rsqrt_tab
__secs_to_tm
__secs_to_zone
__seed48
__shgetc
__shlim
__signgam
__sin
__sindf
__sinl
__small_printf
__stack_chk_fail
__stack_chk_fail_local
__stack_chk_guard
__stderr_FILE
__stderr_used
__stdin_FILE
__stdin_used
__stdio_close
__stdio_exit
__stdio_exit_needed
__stdio_read
__stdio_seek
__stdio_write
__stdout_FILE
__stdout_used
__stdout_write
__stpcpy
__stpncpy
__strcasecmp_l
__strchrnul
__strcoll_l
__strerror_l
__strftime_fmt_1
__strftime_l
__strncasecmp_l
__strtod_l
__strtof_l
__strtoimax_internal
__strtol_internal
__strtold_l
__strtoll_internal
__strtoul_internal
__strtoull_internal
__strtoumax_internal
__strxfrm_l
__sysinfo
__sysv_signal
__tan
__tandf
__tanl
__tm_to_secs
__tm_to_tzname
__tolower_l
__toread
__toread_needs_stdio_exit
__toupper_l
__towctrans_l
__towlower_l
__towrite
__towrite_needs_stdio_exit
__towupper_l
__tre_mem_alloc_impl
__tre_mem_destroy
__tre_mem_new_impl
__tsearch_balance
__uflow
__unlist_locked_file
__uselocale
__utc
__wasi_args_get
__wasi_args_sizes_get
__wasi_clock_res_get
__wasi_clock_time_get
__wasi_environ_get
__wasi_environ_sizes_get
__wasi_fd_advise
__wasi_fd_allocate
__wasi_fd_close
__wasi_fd_datasync
__wasi_fd_fdstat_get
__wasi_fd_fdstat_set_flags
__wasi_fd_fdstat_set_rights
__wasi_fd_filestat_get
__wasi_fd_filestat_set_size
__wasi_fd_filestat_set_times
__wasi_fd_pread
__wasi_fd_prestat_dir_name
__wasi_fd_prestat_get
__wasi_fd_pwrite
__wasi_fd_read
__wasi_fd_readdir
__wasi_fd_renumber
__wasi_fd_seek
__wasi_fd_sync
__wasi_fd_tell
__wasi_fd_write
__wasi_path_create_directory
__wasi_path_filestat_get
__wasi_path_filestat_set_times
__wasi_path_link
__wasi_path_open
__wasi_path_readlink
__wasi_path_remove_directory
__wasi_path_rename
__wasi_path_symlink
__wasi_path_unlink_file
__wasi_poll_oneoff
__wasi_proc_exit
__wasi_random_get
__wasi_sched_yield
__wasi_sock_accept
__wasi_sock_recv
__wasi_sock_send
__wasi_sock_shutdown
__wasilibc_access
__wasilibc_cwd
__wasilibc_deinitialize_environ
__wasilibc_dttoif
__wasilibc_ensure_environ
__wasilibc_environ
__wasilibc_fd_renumber
__wasilibc_find_abspath
__wasilibc_find_relpath
__wasilibc_find_relpath_alloc
__wasilibc_get_environ
__wasilibc_iftodt
__wasilibc_initialize_environ
__wasilibc_link
__wasilibc_link_newat
__wasilibc_link_oldat
__wasilibc_maybe_reinitialize_environ_eagerly
__wasilibc_nocwd___wasilibc_rmdirat
__wasilibc_nocwd___wasilibc_unlinkat
__wasilibc_nocwd_faccessat
__wasilibc_nocwd_fstatat
__wasilibc_nocwd_linkat
__wasilibc_nocwd_mkdirat_nomode
__wasilibc_nocwd_openat_nomode
__wasilibc_nocwd_opendirat
__wasilibc_nocwd_readlinkat
__wasilibc_nocwd_renameat
__wasilibc_nocwd_scandirat
__wasilibc_nocwd_symlinkat
__wasilibc_nocwd_utimensat
__wasilibc_open_nomode
__wasilibc_populate_preopens
__wasilibc_register_preopened_fd
__wasilibc_rename_newat
__wasilibc_rename_oldat
__wasilibc_rmdirat
__wasilibc_stat
__wasilibc_tell
__wasilibc_unlinkat
__wasilibc_utimens
__wasm_call_dtors
__wcscoll_l
__wcsftime_l
__wcsxfrm_l
__wctrans_l
__wctype_l
__xpg_basename
__xpg_strerror_r
__year_to_secs
_aligned_malloc
_environ
_exit
_flushlbf
_initialize
_mi_abandoned_await_readers
_mi_abandoned_reclaim_all
_mi_arena_alloc
_mi_arena_alloc_aligned
_mi_arena_collect
_mi_arena_contains
_mi_arena_free
_mi_arena_id_none
_mi_arena_memid_is_suitable
_mi_arena_unsafe_destroy_all
_mi_bin
_mi_bin_size
_mi_bitmap_claim
_mi_bitmap_claim_across
_mi_bitmap_is_any_claimed
_mi_bitmap_is_any_claimed_across
_mi_bitmap_is_claimed
_mi_bitmap_is_claimed_across
_mi_bitmap_try_claim
_mi_bitmap_try_find_claim_field
_mi_bitmap_try_find_from_claim
_mi_bitmap_try_find_from_claim_across
_mi_bitmap_unclaim
_mi_bitmap_unclaim_across
_mi_clock_end
_mi_clock_now
_mi_clock_start
_mi_current_thread_count
_mi_deferred_free
_mi_error_message
_mi_fprintf
_mi_fputs
_mi_free_delayed_block
_mi_free_generic
_mi_heap_collect_abandon
_mi_heap_collect_retired
_mi_heap_default
_mi_heap_delayed_free_all
_mi_heap_delayed_free_partial
_mi_heap_destroy_pages
_mi_heap_empty
_mi_heap_main
_mi_heap_main_get
_mi_heap_malloc_zero
_mi_heap_malloc_zero_ex
_mi_heap_memid_is_suitable
_mi_heap_random_next
_mi_heap_realloc_zero
_mi_heap_set_default_direct
_mi_heap_unsafe_destroy_all
_mi_is_main_thread
_mi_malloc_generic
_mi_numa_node_count
_mi_options_init
_mi_os_alloc
_mi_os_alloc_aligned
_mi_os_alloc_aligned_at_offset
_mi_os_alloc_huge_os_pages
_mi_os_commit
_mi_os_decommit
_mi_os_free
_mi_os_free_ex
_mi_os_get_aligned_hint
_mi_os_good_alloc_size
_mi_os_has_overcommit
_mi_os_has_virtual_reserve
_mi_os_init
_mi_os_large_page_size
_mi_os_numa_node_count_get
_mi_os_numa_node_get
_mi_os_page_size
_mi_os_protect
_mi_os_purge
_mi_os_purge_ex
_mi_os_random_weak
_mi_os_reset
_mi_os_unprotect
_mi_os_use_large_page
_mi_padding_shrink
_mi_page_abandon
_mi_page_empty
_mi_page_free
_mi_page_free_collect
_mi_page_malloc
_mi_page_ptr_unalign
_mi_page_queue_append
_mi_page_reclaim
_mi_page_retire
_mi_page_try_use_delayed_free
_mi_page_unfull
_mi_page_use_delayed_free
_mi_preloading
_mi_prim_alloc
_mi_prim_alloc_huge_os_pages
_mi_prim_clock_now
_mi_prim_commit
_mi_prim_decommit
_mi_prim_free
_mi_prim_getenv
_mi_prim_mem_init
_mi_prim_numa_node
_mi_prim_numa_node_count
_mi_prim_out_stderr
_mi_prim_process_info
_mi_prim_protect
_mi_prim_random_buf
_mi_prim_reset
_mi_prim_thread_associate_default_heap
_mi_prim_thread_done_auto_done
_mi_prim_thread_init_auto_done
_mi_process_is_initialized
_mi_random_init
_mi_random_init_weak
_mi_random_next
_mi_random_reinit_if_weak
_mi_random_split
_mi_segment_huge_page_reset
_mi_segment_map_allocated_at
_mi_segment_map_freed_at
_mi_segment_page_abandon
_mi_segment_page_alloc
_mi_segment_page_free
_mi_segment_page_start
_mi_segment_thread_collect
_mi_stat_counter_increase
_mi_stat_decrease
_mi_stat_increase
_mi_stats_done
_mi_stats_main
_mi_strlcat
_mi_strlcpy
_mi_strlen
_mi_strnicmp
_mi_strnlen
_mi_thread_data_collect
_mi_thread_done
_mi_thread_id
_mi_toupper
_mi_trace_message
_mi_verbose_message
_mi_warning_message
_start
a64l
abort
abs
accept
accept4
access
acos
acosf
acosh
acoshf
acoshl
acosl
aligned_alloc
alphasort
alphasort64
arc4random
arc4random_buf
arc4random_uniform
asctime
asctime_r
asin
asinf
asinh
asinhf
asinhl
asinl
asprintf
at_quick_exit
atan
atan2
atan2f
atan2l
atanf
atanh
atanhf
atanhl
atanl
atexit
atof
atoi
atol
atoll
basename
bcmp
bcopy
bsd_signal
bsearch
btowc
bzero
c16rtomb
c32rtomb
cabs
cabsf
cabsl
cacos
cacosf
cacosh
cacoshf
cacoshl
cacosl
calloc
carg
cargf
cargl
casin
casinf
casinh
casinhf
casinhl
casinl
catan
catanf
catanh
catanhf
catanhl
catanl
catclose
catgets
catopen
cbrt
cbrtf
cbrtl
ccos
ccosf
ccosh
ccoshf
ccoshl
ccosl
ceil
ceilf
ceill
cexp
cexpf
cexpl
cfree
chdir
cimag
cimagf
cimagl
clearenv
clearerr
clearerr_unlocked
clock
clock_getres
clock_gettime
clock_nanosleep
clog
clogf
clogl
close
closedir
confstr
conj
conjf
conjl
copysign
copysignf
copysignl
cos
cosf
cosh
coshf
coshl
cosl
cpow
cpowf
cpowl
cproj
cprojf
cprojl
creal
crealf
creall
creat
creat64
crypt
crypt_r
csin
csinf
csinh
csinhf
csinhl
csinl
csqrt
csqrtf
csqrtl
ctan
ctanf
ctanh
ctanhf
ctanhl
ctanl
ctime
ctime_r
difftime
dirfd
dirname
div
dprintf
drand48
drem
dremf
duplocale
ecvt
encrypt
environ
erand48
erf
erfc
erfcf
erfcl
erff
erfl
errno
exit
exp
exp10
exp10f
exp10l
exp2
exp2f
exp2l
expf
expl
explicit_bzero
expm1
expm1f
expm1l
fabs
fabsf
fabsl
faccessat
fclose
fcntl
fcvt
fdatasync
fdclosedir
fdim
fdimf
fdiml
fdopen
fdopendir
feclearexcept
fegetenv
fegetexceptflag
fegetround
feholdexcept
feof
feof_unlocked
feraiseexcept
ferror
ferror_unlocked
fesetenv
fesetexceptflag
fesetround
fetestexcept
feupdateenv
fflush
fflush_unlocked
ffs
ffsl
ffsll
fgetc
fgetc_unlocked
fgetln
fgetpos
fgetpos64
fgets
fgets_unlocked
fgetwc
fgetwc_unlocked
fgetws
fgetws_unlocked
fileno
fileno_unlocked
finite
finitef
floor
floorf
floorl
fma
fmaf
fmal
fmax
fmaxf
fmaxl
fmemopen
fmin
fminf
fminl
fmod
fmodf
fmodl
fmtmsg
fnmatch
fopen
fopen64
fopencookie
fpathconf
fprintf
fpurge
fputc
fputc_unlocked
fputs
fputs_unlocked
fputwc
fputwc_unlocked
fputws
fputws_unlocked
fread
fread_unlocked
free
freelocale
freopen
freopen64
frexp
frexpf
frexpl
fscanf
fseek
fseeko
fseeko64
fsetpos
fsetpos64
fstat
fstatat
fsync
ftell
ftello
ftello64
ftime
ftruncate
futimens
futimesat
fwide
fwprintf
fwrite
fwrite_unlocked
fwscanf
gcvt
get_avphys_pages
get_nprocs
get_nprocs_conf
get_phys_pages
getc
getc_unlocked
getchar
getchar_unlocked
getcwd
getdate
getdate_err
getdelim
getdomainname
getentropy
getenv
gethostid
getline
getopt
getopt_long
getopt_long_only
getpagesize
getpid
getrusage
getsockopt
getsubopt
gettimeofday
getw
getwc
getwc_unlocked
getwchar
getwchar_unlocked
glob
glob64
globfree
globfree64
gmtime
gmtime_r
hcreate
hcreate_r
hdestroy
hdestroy_r
hsearch
hsearch_r
htonl
htons
hypot
hypotf
hypotl
iconv
iconv_close
iconv_open
ilogb
ilogbf
ilogbl
imaxabs
imaxdiv
in6addr_any
in6addr_loopback
index
inet_aton
inet_ntop
inet_pton
initstate
insque
ioctl
iprintf
isalnum
isalnum_l
isalpha
isalpha_l
isascii
isatty
isblank
isblank_l
iscntrl
iscntrl_l
isdigit
isdigit_l
isgraph
isgraph_l
islower
islower_l
isprint
isprint_l
ispunct
ispunct_l
isspace
isspace_l
isupper
isupper_l
iswalnum
iswalnum_l
iswalpha
iswalpha_l
iswblank
iswblank_l
iswcntrl
iswcntrl_l
iswctype
iswctype_l
iswdigit
iswdigit_l
iswgraph
iswgraph_l
iswlower
iswlower_l
iswprint
iswprint_l
iswpunct
iswpunct_l
iswspace
iswspace_l
iswupper
iswupper_l
iswxdigit
iswxdigit_l
isxdigit
isxdigit_l
j0
j0f
j1
j1f
jn
jnf
jrand48
l64a
labs
lcong48
ldexp
ldexpf
ldexpl
ldiv
lfind
lgamma
lgamma_r
lgammaf
lgammaf_r
lgammal
lgammal_r
link
linkat
llabs
lldiv
llrint
llrintf
llrintl
llround
llroundf
llroundl
localeconv
localtime
localtime_r
log
log10
log10f
log10l
log1p
log1pf
log1pl
log2
log2f
log2l
logb
logbf
logbl
logf
logl
lrand48
lrint
lrintf
lrintl
lround
lroundf
lroundl
lsearch
lseek
lstat
malloc
malloc_good_size
malloc_size
malloc_usable_size
mblen
mbrlen
mbrtoc16
mbrtoc32
mbrtowc
mbsinit
mbsnrtowcs
mbsrtowcs
mbstowcs
mbtowc
memalign
memccpy
memchr
memcmp
memcpy
memmem
memmove
mempcpy
memrchr
memset
mi__expand
mi_aligned_alloc
mi_aligned_offset_recalloc
mi_aligned_recalloc
mi_arena_area
mi_calloc
mi_calloc_aligned
mi_calloc_aligned_at
mi_cfree
mi_check_owned
mi_collect
mi_debug_show_arenas
mi_dupenv_s
mi_expand
mi_free
mi_free_aligned
mi_free_size
mi_free_size_aligned
mi_good_size
mi_heap_alloc_new
mi_heap_alloc_new_n
mi_heap_calloc
mi_heap_calloc_aligned
mi_heap_calloc_aligned_at
mi_heap_check_owned
mi_heap_collect
mi_heap_contains_block
mi_heap_delete
mi_heap_destroy
mi_heap_get_backing
mi_heap_get_default
mi_heap_malloc
mi_heap_malloc_aligned
mi_heap_malloc_aligned_at
mi_heap_malloc_small
mi_heap_mallocn
mi_heap_new
mi_heap_new_in_arena
mi_heap_realloc
mi_heap_realloc_aligned
mi_heap_realloc_aligned_at
mi_heap_reallocf
mi_heap_reallocn
mi_heap_recalloc
mi_heap_recalloc_aligned
mi_heap_recalloc_aligned_at
mi_heap_rezalloc
mi_heap_rezalloc_aligned
mi_heap_rezalloc_aligned_at
mi_heap_set_default
mi_heap_strdup
mi_heap_strndup
mi_heap_try_new
mi_heap_visit_blocks
mi_heap_zalloc
mi_heap_zalloc_aligned
mi_heap_zalloc_aligned_at
mi_is_in_heap_region
mi_is_redirected
mi_malloc
mi_malloc_aligned
mi_malloc_aligned_at
mi_malloc_good_size
mi_malloc_size
mi_malloc_small
mi_malloc_usable_size
mi_mallocn
mi_manage_os_memory
mi_manage_os_memory_ex
mi_mbsdup
mi_memalign
mi_new
mi_new_aligned
mi_new_aligned_nothrow
mi_new_n
mi_new_nothrow
mi_new_realloc
mi_new_reallocn
mi_option_disable
mi_option_enable
mi_option_get
mi_option_get_clamp
mi_option_get_size
mi_option_is_enabled
mi_option_set
mi_option_set_default
mi_option_set_enabled
mi_option_set_enabled_default
mi_posix_memalign
mi_process_info
mi_process_init
mi_pvalloc
mi_realloc
mi_realloc_aligned
mi_realloc_aligned_at
mi_reallocarr
mi_reallocarray
mi_reallocf
mi_reallocn
mi_recalloc
mi_recalloc_aligned
mi_recalloc_aligned_at
mi_register_deferred_free
mi_register_error
mi_register_output
mi_reserve_huge_os_pages
mi_reserve_huge_os_pages_at
mi_reserve_huge_os_pages_at_ex
mi_reserve_huge_os_pages_interleave
mi_reserve_os_memory
mi_reserve_os_memory_ex
mi_rezalloc
mi_rezalloc_aligned
mi_rezalloc_aligned_at
mi_stats_merge
mi_stats_print
mi_stats_print_out
mi_stats_reset
mi_strdup
mi_strndup
mi_thread_done
mi_thread_init
mi_thread_stats_print_out
mi_usable_size
mi_valloc
mi_version
mi_wcsdup
mi_wdupenv_s
mi_zalloc
mi_zalloc_aligned
mi_zalloc_aligned_at
mi_zalloc_small
mkdir
mkdirat
mktime
mmap
modf
modff
modfl
mrand48
munmap
nan
nanf
nanl
nanosleep
nearbyint
nearbyintf
nearbyintl
newlocale
nextafter
nextafterf
nextafterl
nexttoward
nexttowardf
nexttowardl
nftw
nftw64
nl_langinfo
nl_langinfo_l
nrand48
ntohl
ntohs
open
open_memstream
open_wmemstream
openat
opendir
opendirat
optarg
opterr
optind
optopt
optreset
pathconf
perror
poll
posix_close
posix_fadvise
posix_fallocate
posix_memalign
pow
pow10
pow10f
pow10l
powf
powl
pread
preadv
printf
program_invocation_name
program_invocation_short_name
pselect
psignal
putc
putc_unlocked
putchar
putchar_unlocked
putenv
puts
putw
putwc
putwc_unlocked
putwchar
putwchar_unlocked
pvalloc
pwrite
pwritev
qsort
qsort_r
quick_exit
raise
rand
rand_r
random
read
readdir
readlink
readlinkat
readv
realloc
reallocarr
reallocarray
reallocf
recv
regcomp
regerror
regexec
regfree
remainder
remainderf
remainderl
remove
remque
remquo
remquof
remquol
rename
renameat
rewind
rewinddir
rindex
rint
rintf
rintl
rmdir
round
roundf
roundl
sbrk
scalb
scalbf
scalbln
scalblnf
scalblnl
scalbn
scalbnf
scalbnl
scandir
scandirat
scanf
sched_yield
seed48
seekdir
select
send
setbuf
setbuffer
setenv
setkey
setlinebuf
setlocale
setstate
setvbuf
shutdown
signal
signgam
significand
significandf
sin
sincos
sincosf
sincosl
sinf
sinh
sinhf
sinhl
sinl
sleep
snprintf
sprintf
sqrt
sqrtf
sqrtl
srand
srand48
srandom
sscanf
stat
stderr
stdin
stdout
stpcpy
stpncpy
strcasecmp
strcasecmp_l
strcasestr
strcat
strchr
strchrnul
strcmp
strcoll
strcoll_l
strcpy
strcspn
strdup
strerror
strerror_l
strerror_r
strfmon
strfmon_l
strftime
strftime_l
strlcat
strlcpy
strlen
strncasecmp
strncasecmp_l
strncat
strncmp
strncpy
strndup
strnlen
strpbrk
strptime
strrchr
strsep
strsignal
strspn
strstr
strtod
strtod_l
strtof
strtof_l
strtoimax
strtok
strtok_r
strtol
strtold
strtold_l
strtoll
strtoul
strtoull
strtoumax
strverscmp
strxfrm
strxfrm_l
swab
swprintf
swscanf
symlink
symlinkat
sysconf
tan
tanf
tanh
tanhf
tanhl
tanl
tdelete
tdestroy
telldir
tfind
tgamma
tgammaf
tgammal
thrd_sleep
time
timegm
times
timespec_get
toascii
tolower
tolower_l
toupper
toupper_l
towctrans
towctrans_l
towlower
towlower_l
towupper
towupper_l
trunc
truncate
truncf
truncl
tsearch
twalk
uname
ungetc
ungetwc
unlink
unlinkat
unsetenv
uselocale
usleep
utime
utimensat
utimes
valloc
vasprintf
vdprintf
versionsort
versionsort64
vfprintf
vfree
vfscanf
vfwprintf
vfwscanf
vprintf
vscanf
vsnprintf
vsprintf
vsscanf
vswprintf
vswscanf
vwprintf
vwscanf
wcpcpy
wcpncpy
wcrtomb
wcscasecmp
wcscasecmp_l
wcscat
wcschr
wcscmp
wcscoll
wcscoll_l
wcscpy
wcscspn
wcsdup
wcsftime
wcsftime_l
wcslen
wcsncasecmp
wcsncasecmp_l
wcsncat
wcsncmp
wcsncpy
wcsnlen
wcsnrtombs
wcspbrk
wcsrchr
wcsrtombs
wcsspn
wcsstr
wcstod
wcstof
wcstoimax
wcstok
wcstol
wcstold
wcstoll
wcstombs
wcstoul
wcstoull
wcstoumax
wcswcs
wcswidth
wcsxfrm
wcsxfrm_l
wctob
wctomb
wctrans
wctrans_l
wctype
wctype_l
wcwidth
wmemchr
wmemcmp
wmemcpy
wmemmove
wmemset
wprintf
write
writev
wscanf
y0
y0f
y1
y1f
yn
ynf
